[debug] [2026-04-02T09:59:50.600Z] ----------------------------------------------------------------------
[debug] [2026-04-02T09:59:50.603Z] Command:       C:\Program Files\nodejs\node.exe C:\Users\mella\AppData\Roaming\npm\node_modules\firebase-tools\lib\bin\firebase.js init
[debug] [2026-04-02T09:59:50.604Z] CLI Version:   15.12.0
[debug] [2026-04-02T09:59:50.604Z] Platform:      win32
[debug] [2026-04-02T09:59:50.604Z] Node Version:  v24.14.1
[debug] [2026-04-02T09:59:50.604Z] Time:          Thu Apr 02 2026 11:59:50 GMT+0200 (Ora legale dell’Europa centrale)
[debug] [2026-04-02T09:59:50.605Z] ----------------------------------------------------------------------
[debug] 
[debug] [2026-04-02T09:59:50.608Z] >>> [apiv2][query] GET https://firebase-public.firebaseio.com/cli.json [none]
[info] 
     ######## #### ########  ######## ########     ###     ######  ########
     ##        ##  ##     ## ##       ##     ##  ##   ##  ##       ##
     ######    ##  ########  ######   ########  #########  ######  ######
     ##        ##  ##    ##  ##       ##     ## ##     ##       ## ##
     ##       #### ##     ## ######## ########  ##     ##  ######  ########

You're about to initialize a Firebase project in this directory:

  C:\Users\mella\Documents\cf-rblx-main

[debug] [2026-04-02T09:59:52.867Z] <<< [apiv2][status] GET https://firebase-public.firebaseio.com/cli.json 200
[debug] [2026-04-02T09:59:52.867Z] <<< [apiv2][body] GET https://firebase-public.firebaseio.com/cli.json {"cloudBuildErrorAfter":1594252800000,"cloudBuildWarnAfter":1590019200000,"defaultNode10After":1594252800000,"minVersion":"3.0.5","node8DeploysDisabledAfter":1613390400000,"node8RuntimeDisabledAfter":1615809600000,"node8WarnAfter":1600128000000}
[info] 
=== Project Setup
[info] 
[info] First, let's associate this project directory with a Firebase project.
[info] You can create multiple project aliases by running firebase use --add, 
[info] 
[debug] [2026-04-02T10:00:36.851Z] > command requires scopes: ["email","openid","https://www.googleapis.com/auth/cloudplatformprojects.readonly","https://www.googleapis.com/auth/firebase","https://www.googleapis.com/auth/cloud-platform"]
[debug] [2026-04-02T10:00:36.851Z] > authorizing via signed-in user (mattia4g12010@gmail.com)
[debug] [2026-04-02T10:00:36.852Z] Checked if tokens are valid: false, expires at: 1775056603388
[debug] [2026-04-02T10:00:36.852Z] Checked if tokens are valid: false, expires at: 1775056603388
[debug] [2026-04-02T10:00:36.852Z] > refreshing access token with scopes: []
[debug] [2026-04-02T10:00:36.853Z] >>> [apiv2][query] POST https://www.googleapis.com/oauth2/v3/token [none]
[debug] [2026-04-02T10:00:36.853Z] >>> [apiv2][body] POST https://www.googleapis.com/oauth2/v3/token [omitted]
[debug] [2026-04-02T10:00:36.947Z] <<< [apiv2][status] POST https://www.googleapis.com/oauth2/v3/token 200
[debug] [2026-04-02T10:00:36.947Z] <<< [apiv2][body] POST https://www.googleapis.com/oauth2/v3/token [omitted]
[debug] [2026-04-02T10:00:36.964Z] >>> [apiv2][query] GET https://firebase.googleapis.com/v1beta1/projects pageSize=100
[debug] [2026-04-02T10:00:37.440Z] <<< [apiv2][status] GET https://firebase.googleapis.com/v1beta1/projects 200
[debug] [2026-04-02T10:00:37.440Z] <<< [apiv2][body] GET https://firebase.googleapis.com/v1beta1/projects [omitted]
[info] 
=== Hosting Setup
[debug] [2026-04-02T10:00:39.043Z] Checked if tokens are valid: true, expires at: 1775127635947
[debug] [2026-04-02T10:00:39.043Z] Checked if tokens are valid: true, expires at: 1775127635947
[debug] [2026-04-02T10:00:39.044Z] >>> [apiv2][query] GET https://firebase.googleapis.com/v1beta1/projects/cf-fest [none]
[debug] [2026-04-02T10:00:39.286Z] <<< [apiv2][status] GET https://firebase.googleapis.com/v1beta1/projects/cf-fest 200
[debug] [2026-04-02T10:00:39.286Z] <<< [apiv2][body] GET https://firebase.googleapis.com/v1beta1/projects/cf-fest {"projectId":"cf-fest","projectNumber":"1016499778491","displayName":"CF-Fest","name":"projects/cf-fest","resources":{"hostingSite":"cf-fest"},"state":"ACTIVE","etag":"1_993e49ac-c720-4dd4-805e-4df238af6d56"}
[info] 
[info] Your public directory is the folder (relative to your project directory) that
[info] will contain Hosting assets to be uploaded with firebase deploy. If you
[info] have a build process for your assets, use your build's output directory.
[info] 
[info] +  Wrote public\404.html 
[debug] [2026-04-02T10:00:46.821Z] >>> [apiv2][query] GET https://www.gstatic.com/firebasejs/releases.json [none]
[debug] [2026-04-02T10:00:46.902Z] <<< [apiv2][status] GET https://www.gstatic.com/firebasejs/releases.json 200
[debug] [2026-04-02T10:00:46.902Z] <<< [apiv2][body] GET https://www.gstatic.com/firebasejs/releases.json {"current":{"version":"12.11.0","browserURL":"https://www.gstatic.com/firebasejs/12.11.0/firebase.js","packageURL":"https://www.gstatic.com/firebasejs/12.11.0/firebase.tgz"},"live":{"version":"12.11","browserURL":"https://www.gstatic.com/firebasejs/live/12.11/firebase.js","packageURL":"https://www.gstatic.com/firebasejs/live/12.11/firebase.tgz"},"components":{"ai":"https://www.gstatic.com/firebasejs/12.11.0/firebase-ai.js","analytics":"https://www.gstatic.com/firebasejs/12.11.0/firebase-analytics.js","app":"https://www.gstatic.com/firebasejs/12.11.0/firebase-app.js","app-check":"https://www.gstatic.com/firebasejs/12.11.0/firebase-app-check.js","auth":"https://www.gstatic.com/firebasejs/12.11.0/firebase-auth.js","auth/cordova":"https://www.gstatic.com/firebasejs/12.11.0/firebase-auth/cordova.js","auth/web-extension":"https://www.gstatic.com/firebasejs/12.11.0/firebase-auth/web-extension.js","functions":"https://www.gstatic.com/firebasejs/12.11.0/firebase-functions.js","firestore":"https://www.gstatic.com/firebasejs/12.11.0/firebase-firestore.js","firestore/lite":"https://www.gstatic.com/firebasejs/12.11.0/firebase-firestore/lite.js","firestore/pipelines":"https://www.gstatic.com/firebasejs/12.11.0/firebase-firestore/pipelines.js","firestore/lite/pipelines":"https://www.gstatic.com/firebasejs/12.11.0/firebase-firestore/lite/pipelines.js","installations":"https://www.gstatic.com/firebasejs/12.11.0/firebase-installations.js","storage":"https://www.gstatic.com/firebasejs/12.11.0/firebase-storage.js","performance":"https://www.gstatic.com/firebasejs/12.11.0/firebase-performance.js","remote-config":"https://www.gstatic.com/firebasejs/12.11.0/firebase-remote-config.js","messaging":"https://www.gstatic.com/firebasejs/12.11.0/firebase-messaging.js","messaging/sw":"https://www.gstatic.com/firebasejs/12.11.0/firebase-messaging/sw.js","database":"https://www.gstatic.com/firebasejs/12.11.0/firebase-database.js","data-connect":"https://www.gstatic.com/firebasejs/12.11.0/firebase-data-connect.js","firestore.memory":"https://www.gstatic.com/firebasejs/12.11.0/firebase-firestore.memory.js"}}
[info] +  Wrote public\index.html 
[info] 
=== Agent Skills Setup
[info] If you are using an AI coding agent, Firebase Agent Skills make it an expert at Firebase.
[info] i  Installing Agent skills in the background... 
